// Jest Snapshot v1, https://goo.gl/fbAQLP

exports[`<PostList /> should render a <PostList /> component 1`] = `
<div
  className="PostList"
>
  <h1
    className="PostList-title mb-6 font-bold text-3xl text-white"
  >
    Sortable Post List
  </h1>
  <img
    alt="loading-logo"
    className="PostList-spinner"
    src="Spinner.svg"
  />
</div>
`;

exports[`<PostList /> should return correct props from mapStateToProps 1`] = `undefined`;

exports[`<PostList /> should update a <PostList /> component 1`] = `
<PostList
  fetchPosts={
    [MockFunction] {
      "calls": Array [
        Array [],
      ],
      "results": Array [
        Object {
          "type": "return",
          "value": undefined,
        },
      ],
    }
  }
  movePost={[MockFunction]}
  posts={
    Object {
      "isLoading": false,
      "posts": Array [
        Object {
          "id": 1,
          "title": "test1",
        },
        Object {
          "id": 2,
          "title": "test2",
        },
      ],
    }
  }
>
  <div
    className="PostList"
  >
    <h1
      className="PostList-title mb-6 font-bold text-3xl text-white"
    >
      Sortable Post List
    </h1>
    <div
      className="PostList-items"
    >
      <Component
        duration={300}
      >
        FlipMove
      </Component>
    </div>
  </div>
</PostList>
`;
